_PROD_NAME=jessie;export UPS_PROD_NAME
UPS_PROD_VERSION="v2_0";export UPS_PROD_VERSION
UPS_PROD_DIR="/usr/products/jessie_relative";export UPS_PROD_DIR
unset UPS_VERBOSE
unset UPS_EXTENDED
UPS_THIS_DB=../list/db1;export UPS_THIS_DB
UPS_OS_FLAVOR=IRIX+6.5;export UPS_OS_FLAVOR
UPS_PROD_FLAVOR=NULL;export UPS_PROD_FLAVOR
UPS_PROD_QUALIFIERS=red;export UPS_PROD_QUALIFIERS
UPS_OPTIONS="";export UPS_OPTIONS
