tostuff/info/info.file

tostuff/catman/cat1:
gencat.1

tostuff/catman/cat2:
gendit.2

tostuff/man/man8:
bootpd.8
telnetd.8
