Product:          ProdF
Flavor:           IRIX+5.3
                  IRIX+5
                  IRIX
                  NULL
Qualifiers:       cat,dog
                  dog
DB:               /home/t2/fagan/ups_database
Chains:           current
