Product:          ProdC
Flavor:           IRIX
                  AIX
Qualifiers:       
DB:               /thunder
                  	
                  /lightening
Chains:           current
