Product:          ProdH
Flavor:           IRIX+5.3
                  IRIX+5
                  IRIX
                  NULL
Qualifiers:       comma,here,no
                  comma,here
                  comma,no
                  comma
                  here,no
                  here
                  no
                  
DB:               /thunder
                  	
                  /lightening
Chains:           current
