Product:          ProdI
Flavor:           IRIX+5.3
                  IRIX+5
                  IRIX
                  NULL
Qualifiers:       Butcaption,youhavespaces
DB:               /thunder
                  	
                  /lightening
Chains:           current
